>>> dish = PetriDish('dish.txt')

<FILE name="dish.txt" src="">
<BLANKLINE>                                                            
                         ###                                
                         #####                              
                         #######                            
                        #######                             
                         ######                             
                         ###### ##                          
                         ####  #####                        
                           ## ######        ####            
                        #    ######       ####              
                      ###  ##########    #####              
                    #######  ####  ##   ######              
                    ######### ##   #      #####             
          #           ####   ###          ###               
         #####        ####    #     ##     ##               
         #####                    ######    #               
        ######                   ########                   
         ####                     ########                  
                                  #######                   
                                  #######                   
</FILE>

>>> print(dish) # doctest: +STDOUT
<BLANKLINE>                                                            
                         ###                                
                         #####                              
                         #######                            
                        #######                             
                         ######                             
                         ###### ##                          
                         ####  #####                        
                           ## ######        ####            
                        #    ######       ####              
                      ###  ##########    #####              
                    #######  ####  ##   ######              
                    ######### ##   #      #####             
          #           ####   ###          ###               
         #####        ####    #     ##     ##               
         #####                    ######    #               
        ######                   ########                   
         ####                     ########                  
                                  #######                   
                                  #######                   
>>> dish.colony(10, 35)
42
>>> print(dish) # doctest: +STDOUT
<BLANKLINE>                                                            
                         ###                                
                         #####                              
                         #######                            
                        #######                             
                         ######                             
                         ###### ..                          
                         ####  .....                        
                           ## ......        ####            
                        #    ......       ####              
                      ###  ..........    #####              
                    #######  ....  ..   ######              
                    ######### ..   .      #####             
          #           ####   ...          ###               
         #####        ####    .     ##     ##               
         #####                    ######    #               
        ######                   ########                   
         ####                     ########                  
                                  #######                   
                                  #######                   
>>> dish.colony(10, 40)
Traceback (most recent call last):
AssertionError: no colony found at position (10, 40)
>>> dish.colony(10, 45)
30
>>> print(dish) # doctest: +STDOUT
<BLANKLINE>                                                            
                         ###                                
                         #####                              
                         #######                            
                        #######                             
                         ######                             
                         ###### ..                          
                         ####  .....                        
                           ## ......        ....            
                        #    ......       ....              
                      ###  ..........    .....              
                    #######  ....  ..   ......              
                    ######### ..   .      .....             
          #           ####   ...          ...               
         #####        ####    .     ##     ..               
         #####                    ######    .               
        ######                   ########                   
         ####                     ########                  
                                  #######                   
                                  #######                   
>>> dish.undo()
>>> print(dish) # doctest: +STDOUT
<BLANKLINE>                                                            
                         ###                                
                         #####                              
                         #######                            
                        #######                             
                         ######                             
                         ###### ##                          
                         ####  #####                        
                           ## ######        ####            
                        #    ######       ####              
                      ###  ##########    #####              
                    #######  ####  ##   ######              
                    ######### ##   #      #####             
          #           ####   ###          ###               
         #####        ####    #     ##     ##               
         #####                    ######    #               
        ######                   ########                   
         ####                     ########                  
                                  #######                   
                                  #######                   
>>> dish.count()
5
>>> dish.size()
32.2

>>> dish1 = PetriDish('dish1.txt')

<FILE name="dish1.txt" src="">
                                                                               ########           ########        ###### 
     #  ##                                                                    ########            ########        ###### 
     #####                                       #                             ########            ######        ########
    ######                                     ###   #                   ##     ######              ####        #########
    ########                                   #######                  ####    #   #                  ##        ########
 ############                                ## #####                   #####                                   #########
   ##########                      ##      ####  ######                 #####                                     # ###  
    ########                   #######     ###### ####                  # ###                                            
   #########                  #########    ####### ##                     #                                              
     # ####                    ########    ######  ##             #       #                                  # ## #      
          #                    ########    #######                ##                                        #######      
                                  ###      ######               ####                          ###          ########      
                                  ##        # ###               #####                        ####          ########      
 ##                                          ##                  ###              ##         #####         ########      
 ###                                         #                   ###              ##  #    #########         ######      
 ###                              ######                         ##                #####   ##########        ###         
######                             #####                                         ########   #########         #          
 ####                             #####                                         #########  #########                     
  #                              ######                                         ########    #######                      
  #                               ######                                        ########     #####                       
                                ##  ###                      ###   #            ####### #    ####                        
   #                            ####                       ######  #            ####### ## #                             
  ##                     ####  ######                     ######## ##           ####### #####                       # ## 
  ##                    #####  ######                      ###### ####             #### ######                    #######
######                 ###### ######                        ## # ######                #######                     ######
 #####                  ###### ####                           # #######                #######     #              #######
 #####                  #######                              ##########                 ######    ####             ######
  ####                  ######                               #########                  #####      #####            #### 
                         ###                                  #######                    ####     ######           ##### 
                          ##                                  ######                     ####    #######                 
                                                              #####                             ##########               
</FILE>

>>> dish1.count()
14
>>> dish1.size()
41.0

>>> dish2 = PetriDish('dish2.txt')

<FILE name="dish2.txt" src="">
                                                                                                #                                        
                                                                                               ##                                        
                                                                                              #####                                      
                                                                                               #####                                     
                                                                                             ######                                      
                                              #                               #               #####                                      
                                             ##                              ###              ####                                       
                                              ####                        #  ####             ####                                       
                                            ######                        #######                                                        
                                             #####                        #########                                                      
                                          #######           #              ###### #                                                      
                                         #########          #              ######                                                        
                                         # #######          #               ####   ####                                                  
                                           ########       ######            ####    ###                                                  
                                            #####         ######                   #####                                                 
                                               ## ###     #####                    #####                     #                           
                                                 ###      ####                     ####                     ##  ##                       
                                               #####        #                        #                     #######                       
                                                #####       #                                              ########                      
                                               ######                                                     #########                      
                                                ###                                                       ########                       
                                                 #                                                        #########                      
                                                                                                          ########                       
                                                                                                           #######                       
                                                                                                            #### #                       
<BLANKLINE>                                                                                                                                         
<BLANKLINE>                                                                                                                                         
<BLANKLINE>                                                                                                                                         
                            ##                                                                                                           
                            #                                                                                                            
                         #####                                                                                                           
                       ########                                                                                                          
                        ########                                                                                                         
                        ########                                                                                                         
                         #######                                                                                                #######  
                         ######                                                                                              #########   
                         #####                                                                                               ########### 
                          #####                                                                                               #########  
                          #                                                                                                     ######   
                                                                                                                                 ######  
                                                                                                                                 #####   
                                                                                                                               ##  ##    
                                                   #                                                                          #####      
                                                   ##  ##                                                                    #########   
                                                   ######                                                                   ###########  
                                                   #######                                                                 ############  
                                                  #########                                                                  ########### 
                                                   ########                                                                  #########   
</FILE>

>>> dish2.count()
8
>>> dish2.size()
44.25

>>> dish3 = PetriDish('dish3.txt')

<FILE name="dish3.txt" src="">
                                                     #                                                                                 
                              #                     ## #                                               #  ###                          
                       ## ### ##                  ######                                               ######                          
                        ########                  ######                                               ########                        
                       ##########               # ########                                            #########                        
                       #########                #########                                             #########                        
   ##                    #######               ##########                                             #########                        
   ##                   ########                ########                                              #########                        
 ####                    ########               ########                                               #######                         
 ######                   ######                 ######                                                 ######                         
#######                    ###                      ###                                                 #### ##                        
########                  ###                                                                            ##   #                        
#######                                            ###                                                    #                            
 #####                                           ###### #                                                                              
 #####                  ####                      #######                                                                              
  # #                 #######               ### ## ####                                                                                
                     ##########            ######## ##                                                           ##                    
                     ########  ##         ##########                                                            ####                   
                     ######  #####         ########                                                             #####                  
                     ##### #######          #########                                                           ##### #                
                     ##### ########         #######                                                          ##########                
                      #### ########           ### #                                                          ##########                
                       ## #########            #     #####                                                    ##########               
                         ##########                ########                           #                       #########                
                           ########                 #######                          ###                      #########                
                           ########                ########                        #######                     ########                
                          ######                   ########                        ###### ##                    #####                  
                           #                        ########      ### #           ######  ####                     ##                  
                                                     ###         ######           ##### #######                                        
                                                                #######            #####  #####       #                                
                                                                 ####              ###### ######      # # #                            
                                                                 ####                ###  ##  #       #####                        ##  
                                                                  ##                    ##  #         ######                     ##### 
                                                                                      #######         ######                     ######
                                                                                     ########        #########                   ######
                                                                                     ########       ##########                    #####
                 #  ##                                             #                 ########        #########                     ####
              ##########                                           ##                ########         ########                     ####
               ########                                         # ####                #######         #######                          
      #        ##########                                       ######                 ### #           #####                           
      #        #########                                       #######                    ##            # #                            
     ##        #######                                     ### ########                   #             #                              
     ##         ### #                                      #### ######                                  #                              
      ##          #                                         ### #####                                                                  
     ###      #                                            ##### ####                                                                  
   ######     # #                                      #  #######                                                                      
    #####    ####                                      #   #########                                                                   
      ##     #######                                ##### ##########                                                                   
            ########                      # # #    ###### # #######                                                                    
            ########                      ######  #######   #######                                                     #              
            ########                    #######   #######    ######                                                 #  ####            
             ########                    ######   #######      # ##                                                 ########           
            #######                       #######   #####                                                           ########           
                                          #######   ##                                                             ###########         
                                          ######                                                                   ###########         
                                           #####                                                                   #########           
                                             #                                                                    #########            
                                                                                                                   ########            
                                                                                                                      ######           
                                                                                                                      ###              
</FILE>

>>> dish3.count()
20
>>> dish3.size()
51.2

>>> dish4 = PetriDish('dish4.txt')

<FILE name="dish4.txt" src="">
<BLANKLINE>                                                                                                                                      
<BLANKLINE>                                                                                                                                      
<BLANKLINE>                                                                                                                                      
                                                                                ####                                                  
                                                ##                             ########                                      #        
                                             ######                            #######                                       #        
                                            ########                          ########                                     ###        
                                            #########                    #  # ########                                     ####       
                                            ########                     #####   #####                                   #####        
                                            #######                      ####### ##                                      ########     
                                              ##### #                    ######## #                                     #########     
       #                            ###             ###                  #########         #                            #########     
      ###                         ######          #######                ###########   ######                           #########     
      #####                       #######         #######                   ######      #######                         ##########    
   #########                       #####          ######                    ######      ########                          ######      
     ####                          #####            ####                    ######     ##########                         ######      
     ###                            #####             #                       ###     #  ########                            ##       
       ##                            ##               #                        #     #### ######        ###                           
                                      #                                            ###### ######         ###                          
                                                                                  ######## ####        ######                         
                                                                                 ######### #          ########                        
                                                                                 ##########            ######                         
                                                                                ###########              ## #                         
                                                                                 #######  ##                                          
                                                                                 #  ###                                               
      #                                                                            ####                                               
     ##                                                                              ####                                             
  #######                                                                                                                             
  #######                                                                                                                             
 ########                                      #                                                                                      
  ########                                    ####                                                                                    
  ########                                    ###                                                                                     
  #######                                     #####                                                                                   
   ######                                      #####                                                                                  
      #                                       ###                                                                                     
 #####                                         #                                                                                      
#####                                                                                                                                 
######                                                                                                                                
#####                                                                                                                                 
#####                                           ##                                       ##                                           
  #                                              #                                      #####                                         
                                                ###                                    ######                   #                     
                                               #####                                    #####                 #####                   
                                              #######                                   ###                   ######                  
                                               #####                                                          #######                 
                                               #  #                                                           #######                 
                                                                                                             ########                 
</FILE>

>>> dish4.count()
14
>>> dish4.size()
42.5

>>> dish5 = PetriDish('dish5.txt')

<FILE name="dish5.txt" src="">
<BLANKLINE>                                                                                                                         
<BLANKLINE>                                                                                                                         
<BLANKLINE>                                                                                                                         
<BLANKLINE>                                                                                                                         
<BLANKLINE>                                                                                                                         
<BLANKLINE>                                                                                                                         
<BLANKLINE>                                                                                                                         
                 #### #                                                                                                  
                #######                                                                                                  
                 #####              ### ##                                                                               
               #########            ######                                                                               
                 ######              #######                                                                             
  #               #####             ########                                                                             
  ###              ####            #########                                                                             
 #####                             ########                                                                              
 ######                            #######                                                                               
 #####                               ####                                                                             ###
########                             ####                                                                          ######
#######                                                                                                    #        #####
 ######                                                                                                  ########   #####
 ######                                                                                                  #######    #####
     ##                                                                                                 ########    #####
     #                                                                                                   #######    #####
                                                                                                         ########    # ##
                                                                                                          #####          
                                                                                                            ##           
                                                                                                             #           
<BLANKLINE>                                                                                                                         
           ####                                                                                                          
           #####                                                                                                         
       ## ########                                                                                                       
       ###########          ##                                                                                           
       ############        #######                                                                                       
        ##########         #########                                                                                     
         ########          #########                                                                                     
          #######           #######                                                                                      
           #######          #######                                                                                      
            # ##             ####                                                                       ####             
              ##               #                                                                       ######            
                                                                                                      ######             
                                                                                                     ########            
                                                                                                       ##### ##          
                                                                                                        ###  ##    ####  
                                                                                                         #  ####    ###  
                                                                                                            #####   #####
                                                                                                           ######## #####
                                                                                                            ###### ######
                                                                                                          ######### #####
                                                                                                         ########## #####
                                                                                                         # ####### ######
                                                                                                           ####### ######
                                                                                                            #  # # ##### 
                                                                                                                   ######
                                                                                                                    ## # 
<BLANKLINE>                                                                                                                         
<BLANKLINE>                                                                                                                         
<BLANKLINE>                                                                                                                         
</FILE>

>>> dish5.count(minimum=85)
0
>>> dish5.size(minimum=85)

>>> dish6 = PetriDish('dish6.txt')

<FILE name="dish6.txt" src="">
                             #                                                  ###                  
                         #####                                                ######                 
                        ########              #                                #######               
                      #########            ####                                ######                
              #  #   ###########       ############                             ######               
             #######   #########       # ##########                             ######               
            ########  ##########       ###########                             #####                 
     #      ########    ########         #########                              ## #                 
   #####   #########     #######     ## #########                               #  ##                
  #######  ########       ####     ##### ########   #                                                
  #######  ########       ###      ##### #  ###    #####                                             
  #########   ### #        #       ######        #######                                             
  ########       #                #######         ########                                           
 ##########    # ###              ########       ##########                                          
 #########    #######              ######      ###########                                           
   ######     #######            #######       ###########                                           
    ####      ########           #   ###         ########                                            
       #      ########                           #######                                             
       #       #####                             ######                                              
             ##  ####               #             #####                                              
           ##### #   ##             ###                                                              
           ###### #####           # ##                ##                  #                          
            ############          ######              ##                  #                          
            ####### ###           ######          ######                 ## #                        
            ###### #           ##########        ###########           ######                        
            #####  ##           #########        ###########          ########                       
             ### # ###         ##########        ###########         ##########                      
              # ######           ########         #######  #        ##########                       
                #######          #######         #######   ##        #########                       
              ###########           ###             ##      #        #########                       
              ############                                             #### #                        
              ###########                                               ##                           
                ########                                                                             
                 ######                                                                              
                 #####                                                                               
</FILE>

>>> dish6.count()
10
>>> dish6.size()
61.5

>>> dish7 = PetriDish('dish7.txt')

<FILE name="dish7.txt" src="">
                                                                  ####                                                                      ###         # #####            
                                                               # ####                                                                      ######       ########           
                                                               #######                                                                     ######       ###### #           
                                                                ######                                                                      #####         #####            
             #                                                  ######                                                                     #####  ## #     ####            
            ####                                                # ####                                                                       #   #####  #  ####            
            #####                                                 #                                                                              ########    #             
          #######                                                 #                                                                             #########                  
           #####                                                                                                                               #########                   
            ###                                                                             #                                                   #########                  
            ##                                                                            ###                                                   ########                   
                                                                                        ######                                                  ######                     
                                                                                        ########                                                  ####                     
                                                                                       ########                                        #           #                       
                                                                                       #######                  #                    # ## #                                
                                                                                      ########                 ##               #  ########                                
                                                                                       ######                  ####            ############                                
     ##                                                                                 ######                 ####              ##########                                
   ####                                                                                  ##  #   #             #####            ##########                                 
  #####                                                                                         ##           #######             #########                                 
#########                                                                                    #######            ####             ### ####                                  
##########                                                                                   #########           #                  # # ##                                 
 ##########                                                                                 ##########                              #  #                                   
 #########                                                                                  ###########                          #######                                   
 ########            #                                                                      ##########                           ######                                    
  ######          #####                                                                      #########                           #######                                   
   ###            ######                        #                                            #######                            ########                                   
   # #           #######                        ####                                          ######                            #########                                  
                 ########                      ####                                             ####                            #########                                  
               #########                       ######                                             #                             #########                                  
         #       #######                       #####                                              #                              ########                                  
      #### ##    #######                         ###                                                                               #####                                   
       ######      ## #                          ###                                                                                #                                      
      ######                                                                                                                                                               
      #######                                                                                                                                                              
    ########                                                                                                                                                               
    #########                                                                                                                                                              
    #########                                                                                                                                                              
    ########                                                                                                                                                               
    ###########                                                                                                                                                            
      #####                                                                                                                                                                
      ## ##                                                                                                                                                                
<BLANKLINE>                                                                                                                                                                           
</FILE>

>>> dish7.count(minimum=87)
0
>>> dish7.size(minimum=87)


>>> dish8 = PetriDish('dish8.txt')

<FILE name="dish8.txt" src="">
                           ######   ####   ###########                                                     
                          ######### ##### ###########                                                      
                   ##     ######### ###### ########## ####                                                 
                 #####     ######### ###### ######### ####                                                 
                #######   ########## ###### #######   #####                                                
                #######   ########## ####### #####    ####                                                 
                ######     ######## ###### # ## #     # ##                                                 
                #####          ###  #####     #     ##                                #                    
                  ##            # ## ####           ###                              ###                   
                        ##### ## #### ##   #     #######                            #####                  
                        #####  #######   #####    ######            ###            ######                  
  #                    ######## ######   #####     #####          ######            #####                  
  #                     ###### #####     #####      # ##          ########           ####                  
  ###                   #####  #######  #######   ## #            #######              #                   
  ###                   ####    ####    #####    #######           ######                                  
######                                    ###   ##########          ######                                 
######               # #          ## ####   #  ###########          #####                                  
######               #####       ##########   ############                    #                            
 ####               ######         #########  ####### #####                ####                        #   
 ######           ##########     ###########  ####   # ## #               ######                      ##   
                   ##########     ##########  ### ####  #                 ######    #         #      ##### 
                 #############     ########     # ####          #         #####   #####      ###      #####
                   ###########     #######       ######   ####  #         ####    ######    #####    ######
                   #########         # ##       ########  ###  ###        ####   ########  ######   #######
                    ######           # #          #####  ###### ###         # # ########## #######   ######
                     ### #         ## # ####      #####   #### #####    #  # ## #########  ######## #######
                                   #########        ##     #  ###### #  ###### ##########   ####### #######
                                  ##########              ## ######### ########   ######     ####     #####
                                  ##########               #   #### #  ##########  #####       ##      ####
                                  ###########                  ####        ####                #       ##  
</FILE>

>>> dish8.count()
15
>>> dish8.size()
40.266666666666666

>>> dish9 = PetriDish('dish9.txt')

<FILE name="dish9.txt" src="">
                                                                      #                           ######## 
                       #                                            ####                       ## #########
                       ##                                           #####                       ###########
                       ######                                     #######                       ###########
                      ######             #####                  ## #######                       ######### 
                     #########          # #####              ###### #######                       #######  
                    ##########          #######               ##### #######  #                     #####   
                     #######            ########              ######  ####  ###                            
       #             ######              #### #                ####### ### #####                           
       ######         # ###              ### # ##              ###### #### ######                          
       ######           #                    ####              ### ## ### ######                           
       #######                            ########                   #### ######                           
    ###########                            #######                        #####                            
     #########                               ######                          #                             
     ######## ##    ###                       ###                            #                             
     ######## ####  ##                          #                                                          
      ####### #######                                                                                      
         # # #######                                                                                       
           # #######                                                                                       
            ########                                                                                       
          #########                                                                                        
           ########                                                                                        
           ######                                                                                          
            ####                                                                                           
            ###                                                                                            
             #                                                                                             
<BLANKLINE>                                                                                                           
<BLANKLINE>                                                                                                           
<BLANKLINE>                                                                                                           
<BLANKLINE>                                                                                                           
<BLANKLINE>                                                                                                           
                                                         ###                                               
                                                        #######                                            
                                                        #######                                            
                                                       ########                                            
                                                       ########                                            
                                                        #########                                          
                                                       #########                                           
                                                        #######                                            
<BLANKLINE>                                                                                                           
<BLANKLINE>                                                                                                           
<BLANKLINE>                                                                                                           
</FILE>

>>> dish9.count()
8
>>> dish9.size()
48.0

>>> dish10 = PetriDish('dish10.txt')

<FILE name="dish10.txt" src="">
<BLANKLINE>                                                                                                                                                                   
<BLANKLINE>                                                                                                                                                                   
<BLANKLINE>                                                                                                                                                                   
<BLANKLINE>                                                                                                                                                                   
<BLANKLINE>                                                                                                                                                                   
<BLANKLINE>                                                                                                                                                                   
<BLANKLINE>                                                                                                                                                                   
<BLANKLINE>                                                                                                                                                                   
<BLANKLINE>                                                                                                                                                                   
<BLANKLINE>                                                                                                                                                                   
                                                                                                                                   #                               
                                                                                                                                   ##                              
                                                                                                                                  # #                              
                                                                                                                                #####                              
                                                                                                                              ########                             
                                                                                                                               ########                            
                                                                                                                              ########                             
                                                                                                                               ########                            
                                                                                                                               #######                             
                                                                                                                                 #######                           
                                                                                                                                  ###                              
                                                                                                                                  #                                
<BLANKLINE>                                                                                                                                                                   
<BLANKLINE>                                                                                                                                                                   
<BLANKLINE>                                                                                                                                                                   
<BLANKLINE>                                                                                                                                                                   
                                              ##### #                                                                                                              
       #                                      ########                                                                                                             
    #####                ####              ###########                                                                                                             
    ########           ######               ##########                                                                                                             
  ##########          ########              ###########                                                                                                            
  ###########         #########               #######                                                                                                              
  ###########          #######                ######                                                                                                               
   ###########        ########                ######                                                                                                               
  ###########          #######                   #                                                                                                                 
   #######             ########                                                                                                                                    
      ##                ####                                                                                                                                       
                         #                                                                                                                                         
                        ##                                                                                                                                         
<BLANKLINE>                                                                                                                                                                   
<BLANKLINE>                                                                                                                                                                   
<BLANKLINE>                                                                                                                                                                   
                                        ###                             ##                                                                                         
                                       #####                      ########                                                                                         
                                     ########                      ########                                                                                        
                                     ########                     ########                                                                                         
                                      ######                       ######                                                                                          
                                      #######                     #######                                                                                          
                                      #####                          ##                                                                                            
                                          #                                                                                                               ###  #   
                                                                                                                                                         # #####   
                                                                                                                                                         #######   
                                                                                                                                                         #######   
                                                                                                                                                         #######   
                                                                                                                                                          #####    
</FILE>

>>> dish10.count(minimum=200)
0
>>> dish10.size(minimum=200)


>>> dish11 = PetriDish('dish11.txt')

<FILE name="dish11.txt" src="">
   ###                                                                                                              
   #####                                                                                                            
  ########                                                                                                          
  #########                                                                                                         
   ########                                                          ####                                           
   # ### ##                        ##                               ######                                          
   #  #                            ###                               ######                                         
                                 #####                        #### # ######                                         
                                 ######                       ####### ##                                            
                                #######                    # ######### #                                            
                                ######                    #############          #                                  
                                 #####                      #############        #                                  
                                 ###                       ############ #      #####                                
                                 # #                        ###########      ########                               
                                                             ##  # ###       ########                               
                                                               ## #         ###########                             
                                  ##                          ######          #########                             
                                #####                       #########         #######                               
                                #####                      ###########         ######                               
                                #######                       #######          ######                               
                 ##           # #######                       ######             ####                               
               ###            #########              ## #    #######                                                
              ####            ##########        #   ######     #####                                                
             ######           #########         #   ######      # #                                                 
            ######             ########         ### ######       #                                                  
           ########            ######         ###  #######      ###                                                 
          ###########          # ####           ##  #####     ###### #                                              
          #########                ##        #######         #########                                              
  # #          ###            #####  ##       #######        #########                                              
 ########      #             ###########     #########       ########                                               
##########                 #############     #########       ##########                                             
###########                ##############     #######        #########                                              
 ##########                  ##########        ##            # #######                                              
 #########                    #########                        ###                                                  
 ##########                   # #######                          #                                                  
  #########        #   #      #  ##                                                                                 
     ##  ##        #####          #                                                                                 
                  #######                                                 #  #                                      
                  ########     #                                          ######                                    
                   ######     #####                                       #######                                   
                   ######     #####                                    ##########                                   
                     #       ########                                    ########                                   
                             ######## #                                 ##########                                  
                            ############                               ###########                                  
                            #########                                  ###########                                  
</FILE>

>>> dish11.count()
12
>>> dish11.size()
54.666666666666664

>>> dish12 = PetriDish('dish12.txt')

<FILE name="dish12.txt" src="">
                                                                                                             ######       #########   
                                                                                                            #######       #########   
                                                                                                             ######      ##########   
                                                                                                              ####        #########   
                                                                                                              #           #########   
                                                                                                ##                      ##########    
                                                                                                ####                        ######    
                                           ## #                                                #####                         #        
                                          ######                                               #####                                  
                                       ##########                                              ######                                 
                                       ###########                                       # ###  #####                                 
                                       ##########                                        #####   ##                                   
                                        #########                                       #######                                       
                                        #########                                      ########                                       
   #                                      ########                                     ##########                                     
#####                                       ##                                          ########                                      
######                                      ##                                          #########                                     
######                                       #                                           ######                                       
######                                                                                    ## ##                                       
 ######                                            # #                                    #            ##                             
  ####                                          #######                                             ## #####                          
   ##                                          #######                                              #########                         
     ##                                       #########                                              #########                        
    #####                                     #########                                            ##########                         
  ########                                   #########                                            ###########                  #      
  ########                                   #########                                              #########                 ###     
 ########                                     ########                                               #######                  ###     
 ############                                 ########                                                #### #                  ######  
 ############                             #    #######                                                 ##                    ######## 
  #######                                 ##   # ##                                                                         ######### 
   #####                                #####                                                                               ######### 
    ####                                ######                                                                             ########## 
      #                                  ####                                                                               ######### 
                                         ###                                                                                 ######   
                                                                                                                             # ## #   
                                                                                 #                                           #        
                                                                              #####                                                   
                                                                            ########                                                  
                                                                            ########                                                  
                                                                            ########                                                  
                                                                           ########                                                   
                                                                            ######                                                    
                                                                            #####                                                     
                                                                             ####            #####                                    
                                       ##                                    ####           #######                                   
                                       ###                                    ###           ########                                  
                                     ######                                                ########                                   
                                   ########                                                 #######                                   
                                     #######                                                #######                                   
                                     ########                                                #####                                    
                                      # ###                                                   ###             #                       
                                ##                                                              #            ##                       
                            #  ######                                                                       ####      #               
                            #########                                                                      ######     ###             
                          # ##########                                                                      #####    ##### #          
                          ############                                                                      ###     ########          
                           ############                                                                       #    #########          
                           ############                                                                            ########           
</FILE>

>>> dish12.count(minimum=26)
10
>>> dish12.size(minimum=26)
60.1

>>> dish13 = PetriDish('dish13.txt')

<FILE name="dish13.txt" src="">
                                    ###                                                                     
                                    ####                                                                    
                                  ######                                                                    
                                  # ###                                                                     
                                    ####                                                                    
<BLANKLINE>                                                                                                            
<BLANKLINE>                                                                                                            
<BLANKLINE>                                                                                                            
<BLANKLINE>                                                                                                            
<BLANKLINE>                                                                                                            
                                                               #                                            
                                                           #  ##                                            
                                                          #####                                             
                                                          ######                                            
                                                        #######                                             
                                                         ######                                             
                                                           ###                                              
##                                                          #                                               
####                                                                                                        
######                                                                                                      
######                                                                                                      
#######                                                                                                     
######                                                                                                      
#######                                                                                                     
######                                                                                                      
#####                                                                                                       
###                 #                                                                                       
###                 ##                                                                                      
                    ######                                                                                  
                  # ########                                                                                
                  ##########                                                                                
                  ##########                                                                                
                 ## #######                                                                                 
                     ######                                                                                 
                     #####                                                                      #           
                      ####                                                                    #######       
                                                                                              ########      
                                                                                              #########     
                                                                                              ########      
                                                                          #                   ### ####      
                                                                         #####                 ## ####      
                                                                       #######                       #      
                                                                       ########                             
                                                                      ########                              
                                        ##                           ##########                             
                                       ###                           #########                              
        ##                            #####                        ###########                              
      ####                           #######                          #######                               
     ######                          #######                          #######                               
    ########                        ##########                         # ###                                
    ########                         ###                                                                    
   ########                           # ###                                                                 
    #######                              ##                                                                 
      #####                             ####                                                                
        #                               #####                                                               
                                       #######                                                              
                                       ########                                                             
</FILE>

>>> dish13.count()
6
>>> dish13.size()
50.833333333333336

>>> dish14 = PetriDish('dish14.txt')

<FILE name="dish14.txt" src="">
<BLANKLINE>                                                                                                                                               
<BLANKLINE>                                                                                                                                               
<BLANKLINE>                                                                                                                                               
<BLANKLINE>                                                                                                                                               
                                                         ###  #                                                                                
                                                      #########                                                                                
                                               #  #   ##########                                                                               
                        ##                    ### ##  ##########                                                                               
                       ####   ##             ####### ###########                                                                               
                      ####   ####           ######## ###########                                                                               
                      ##### #####           #######   #########                                                                                
                       ### #########        #######    #######                                               #####                             
                      ### ##########        ###### #   ###                                                   #######                      ###  
                           ########        #########     #                                                  ########                      ### #
                           ###### #        ######                                                            #######                     ######
                            #####          ######                                                             #####                      ######
                             ###               #                                                               #####                     ######
                                                                                                               #####                      #####
                                               ##                                                                                        ######
                                              ##                                                                                           ####
                                             #####                                                                                             
                                            #######                                                                                            
                                            ######                                                                                             
                                            ######                                                                                             
                                              ####                                                                                             
                                              ###                                                                                              
                                               #                                                                                               
                                                                           #  #                                                                
                                                                          ######                                                               
                                                                          #######                                                              
                                                                          ########                                                             
                                                                         #########                                                             
                     ####                                                 ########                                                             
                    ######                                               ########                                                              
                    ######                                               #######                                                               
                    ######                                                 #####                                                               
                     ####                                                     #                                                                
                       #                                                                                                                       
                      ##                                                                                                     #                 
                                                                                                                             ##        ##      
                                                                                         #                           #      ####       ####    
                                                                                       ####                          ##  # #####     ######    
                                                                                      #######                       ###  ########## ########   
                                                                                      #####                         #### #########  #########  
                                                                                        ####                       #####  ########   ######### 
                                                                                        ##                       ###### #########    ########  
                                                                                                                 ####### ########    ########  
              #                               ###                                                                 ###### ########      #####   
#####      ####                                ###                                            #  #                #######  ####         ####   
#####      ######                            #######                                          #####               #########   #          #     
######      #####                             #######                                         #######               ######                     
######      #####         ##                  ######                                          ########               ###                       
#####    ## ####        #####                 #####                                            #####                 ####                      
###### ##### ###        #####                                                                  ####                                            
##### ######   #        ######                                                                      #                                          
###  ########          ### ##                                                                   ########                                       
   ##########                                                                                   ########                                       
 #############                                                                                ##########                                       
  ############                                                                                #########                                        
   #############                                                                              #########                                        
</FILE>

>>> dish14.count(minimum=209)
0
>>> dish14.size(minimum=209)


>>> dish15 = PetriDish('dish15.txt')

<FILE name="dish15.txt" src="">
                                                                   ##                                        
                                                                # # ##                                       
                                                             #  #######                                      
                                                             ##########                                      
                                                               #########                                     
                                                               ########                                      
                                                               ####### ######                          #     
                                                                ###### #######  #                     ##     
                                                                #####   #########                     #####  
                                                                #### #########                      ######   
                                                                ##### #########                      #####   
                                                                  ##  #########                      # ##    
                                         ##                            ########                        #     
                                        ####                            #####             #                  
                                       ########                          ####            ###                 
                                       ########                           #           ######                 
           ###                         ########                                      #######                 
            ###                       #########                                     ##########               
  ##       #####                       ######                                       ###########              
#####   ##########                       ###                                         #########               
######   #########                       ###                                         ##########              
#######    ######                                                                    ########  ####          
#######    ######                                                                      ######  #####         
########    #####                                                                            ########        
########    #  ##                                                                            #########       
######     ##  #                                                                             #########       
######                 #                                                                     ########        
  ###                ###                                                         ###            #####        
  #                  ###                                                         ###           ####          
                   ######                                                       #####            ##          
                   ########                                            #         ###                         
                    #######                                           ##   #     ###                         
                    ###                                             ########     ###                         
                    ###                                            ##########     #                          
                                                                    #########                                
                                                                     #########                               
                                                                     ########                             #  
                                                                     ########       ##                    ## 
                        #####                                          ######     # ###                 # ###
                      #######                                          # ##       ######       ###      #####
                      ########                                         #         ########     ######    #####
                     #########                                                  #########     #####     #####
                     ##########                                                 #########      ####      # ##
                     ##########                                                 # #######       ###        # 
                     # #######                                                      ####                     
                      #######                                                         ##                     
                        #  #                                                                                 
<BLANKLINE>                                                                                                             
<BLANKLINE>                                                                                                             
<BLANKLINE>                                                                                                             
</FILE>

>>> dish15.count()
12
>>> dish15.size()
48.333333333333336

>>> dish16 = PetriDish('dish16.txt')

<FILE name="dish16.txt" src="">
         ###  ########                  #     #########                                               ## # ###      ##   
        ###### #######                 ###  ###########                                               ########     ##### 
        ####### #######              #####  ###########                                                ########    ##### 
       ########  ######            #######    #########                                                 #########  ##### 
       ########## #####  #        ########   #########                                                 ########## #######
      #########  ###   ###        ########     ######          ######                                 ###########  ######
     ##########  ### ######       ########                      #######                                #########     ##  
      ########     # ######    ### #######     ##               #######                                ########          
      ########     # ######    ####  #####   ####               #######                                  #####           
         #####      #######    ###### #    ######                #######                                  ###            
          ###    ##########    #######      ######               #####                                      #            
           #        #####     #########     ######               #####                                                   
                     ####     ########       ###                   ##                                                    
                       ###    #######                      #  #    ##                                                    
                          ##   ## ###                    #### #    #                                                     
                        #####      #                    #######                                                          
                        ########                      #########                                                          
                       ########            #          ##########                     # ###                               
                       ########          ####         ##########                    #######                              
                       ########         #####         ##########          #         #######                         ###  
                       # ## ###        #######        ##########       # ##         #######                      #  ##   
                        #  # #      ##########          #######       #######       #######                     ######## 
                        # ###       ##########           #### #        ######        #####                      ######## 
                        #######      ##########           ##          ########       #####                       ####### 
                        #####        ##########                      #########        ## #                     ######### 
                     #     ##         ########                        ########                      ###           #######
                   #####   #            #####                         #########                   ## ##           ###### 
                  ######                #####                         ######                      ### ###          ####  
  #  ###         ########               ###                             ####                      ########          ##   
  ########       ########                                                ####                   #########                
  ########       #########                                                                      ##########               
 #########       #########           #                                                           ###########             
   ########       #########         ##                                                           #########               
  ########       ########          ###                                                            #######                
   #####           #####         ######    #                                                     ###### #                
                   ####         #######   ###                                                    ######                  
                                 ######  #######             ###                                                         
                           ##  #  #### ########              ####                                                        
                          ####### #### #########            ######                                                       
                        ########  ##    ########            #####                                                        
                        #########      ##########           #######                                                      
                        #########       ##########       ##########                                                      
                        #########         ####  #       ############                                                     
                       ## #####            #              #########                                                      
                             #                            #########                                                      
                                                           ##### #                                                       
</FILE>

>>> dish16.count(minimum=45)
13
>>> dish16.size(minimum=45)
59.84615384615385

>>> dish17 = PetriDish('dish17.txt')

<FILE name="dish17.txt" src="">
                                #                                                                                                                                            
                             #####                                                                                                                                           
                            ######                                                                                                                                           
                            ########                               #                                                                                                         
                            #######                                #                                                                                                         
                            #######                               ##                                                                                                         
                            # #####                               ###                                                                                                        
                               ###                               ######                                                                                                      
                                                                 #######                                                                                                     
                                                                ########                                                                                                     
                                                                #########                                                                                                    
                                                                ########                                                                                                     
                                                                ##### ##                                                                                                     
<BLANKLINE>                                                                                                                                                                             
<BLANKLINE>                                                                                                                                                                             
<BLANKLINE>                                                                                                                                                                             
<BLANKLINE>                                                                                                                                                                             
<BLANKLINE>                                                                                                                                                                             
<BLANKLINE>                                                                                                                                                                             
                                                                                                                ##                                                           
                                                                                                              ######                                                         
                                                                                                             #########                                                       
                                                                                                              #####                                                          
                                                                                                               ##                                                            
                                                                                                                #                                                            
<BLANKLINE>                                                                                                                                                                             
             ## #                                                                                                                                                            
             ####                                                                                                                                                            
            ######                                                                                                                                                           
          #######                                                                                                                                                            
         #########                                                                                                                                                           
           #######                                                                                                                                                           
            #####                                                                                                                                                            
             ###                                                       #                                                                                                     
                                                                      ####                                                                                                   
                                                                    ######                                                                                                   
                                                                    #######                                                                                                  
                                                                    ########                                                                                                 
                                                                   ########                                                                                                  
                                                                   ########                                                                                                  
                                                                   #######                                                                                                   
                                                                   ######                                                                                                    
                                                                    ## ##                                                                                                    
<BLANKLINE>                                                                                                                                                                             
        ###                                                                                                                                                                  
      #####                                                                                                                                                                  
      #######                                                                                                                                                                
     #########                                                                                                                                                               
      ########                                                                                                                                                               
      #########                                                                                                                                                              
      ########                                                                                                                                                               
</FILE>

>>> dish17.count(minimum=218)
0
>>> dish17.size(minimum=218)


>>> dish18 = PetriDish('dish18.txt')

<FILE name="dish18.txt" src="">
                                                       ##############                       ##########       ##  ###       
                                                       ###########                          ##########        #######  ### 
                                                       ###########                           ##########       ######   ### 
                                                        #########                           ########           ###### #####
                                                          #######                              #####          ######## ####
          ### #                                            ####                           #### ####          ######## #####
       ## ######                                            #                             #####                ##### ######
      ##########                                                                          ########            #####  ######
       #########                                                                        ##########             ####   #####
        #########                                                                         ########                     ####
       #########                                                                          #########                    ####
         #######                                                                           ######                        ##
        #  ##                                    ##                                          ##                            
       ### ##                                   #####          ##                                                          
      #### #                                    #######        #####                                                       
       #### ##                                 ########       #######                                                      
       ########                               #########      ########                                                      
     ##########                                ########      #########                                                     
      ##########                               #########    #########                                                      
        #### ## ###                            ######        ########                                                      
         #     #####                           ## ###         ########                                                     
              #######     #                         #         #######                                                      
               #######   ## #                                  ####                                                        
              #######   #####                                                                                              
              #  ##   #########                                                             # ####                         
               ##  #   ########                                              ###            #######                        
              ####### ##########                                            ####           #########                       
            ########   ##   ###                                            ######          #  ######                       
           #########     ### ##                                           ########           # #####                       
             ########## ####                                             ##########        #### ####                       
             ########## ######                                         #############      ###### ##                        
             ########## #######                                       ##############      ###### #                         
             ######### ########                                        ############         ###  ##                        
</FILE>

>>> dish18.count()
7
>>> dish18.size()
52.0

>>> dish19 = PetriDish('dish19.txt')

<FILE name="dish19.txt" src="">
<BLANKLINE>                                                                                                                                                                                 
                                                                                         ##                                                                                      
                                                                                         ####                                                      ###                           
                                                                                         ####                                                      ###                           
                                                                                        #######     ###                                           #####                          
                                                 #             # ##                     ########    ####                                          ######                         
                                               ########        ####                    ########   ######                                          #####                          
                                              #######         #######                   #######    ######                                         ## #                           
                                              ##########      #######                   ######      ####                                           #                             
                                              #########        ######                      ##      ####                                                                          
                                              #########           ##                       #         ##       ###                                                                
                                ##             #######                                               #      ######  ###                                                          
                               ####            ######                                                    ### ###### #####                 ####                                   
                              ######            ####                                                     ### ###### #####                ######                                  
                              ######             #                                                      #### ####### ###              ########                                   
                               #####                                                                   ###### #####  ###               #######                                   
                                ####                                                                  ####### ####    #                    ##                                    
  #                              ##                                                                   #######  ###                                                               
 ####                                                                                               ########### ##                                                               
####                                   #                                                             #########   #                                                               
######                                ###                                                             #######                                                                    
######                               #### ## #                                                          ######     ###                                                           
 ####                               ###########                                                         ####   ########                                                          
  ##                          ###    ##########                                                                #########                                                         
####                          ##     ##########                                                               ##########                                                         
 ##                           ###    #########                                                                ##########                                                #        
 #                            #####   ########                                                                #########                                               # ###      
                       #     ######    ########                                                               ##########                                              #####      
             #         ##### #######  ######             ##                                                    #######                                               #########   
             ##       ###### ########     ###           #####                        ###                       #######                                             ##########    
           #####     ######## #######      #           ######                ##    ######                         #  #                                             ############  
           #####  ########### ########                 ########             ##### #######                                                                          ##############
           ######    ######### ######                 ###########           ###### #######                                                                           #  #########
           #####     ######### #### #                  #######            ######### #####                                                                             ##  #####  
          ######      ######## ####                     ######            ######### #####                                                                           ###### ## #  
           # ##      #######   ## #                     ####             ########### ###                                                                           ####### ## #  
             ##       #  ####                                            ###########  #                                                                           ########       
             #        #                                                   #########                                                                               #########      
                                                                          #########                                                                               #########      
                                                                           ###### #                                                                               #########      
</FILE>

>>> dish19.count()
17
>>> dish19.size()
46.64705882352941

>>> dish20 = PetriDish('dish20.txt')

<FILE name="dish20.txt" src="">
                                ##########                                                  ####        ###         
                               ############                        ####                    #####        ###         
                               ############ ###                    ####                    #######      ####        
                                ########## ####                   ######                 #########     ######     # 
                                 #######  #######                 #######                ##########   #######    ###
                                 ####### ########                 ######                 ##########   #####     ####
                                   #### #########                  ######     #           #########   # ##     #####
                                     #  #########                   ####     ####         #########            #####
                                        #########                           #####          ### ###            ######
                                        ########       # #                  ######         #    ### ##        ######
                                        #######       #######                ####            ###  # ###        #####
                                          ####        #######                 ##             ##### #####       #####
                                                     ##########               #             #############       ####
                                                     ########                                ############         ##
                                                     ########                                 #########           ##
                ##                              ##### #######                                 #########             
              #####                            ####### ######                         ###      #######              
             #######                          ########  ###                           #####      #####              
          ### #####                            ######   #####                        ########    #                  
          #### ### # #                         #####     #                         #############                    
          ## ## ## ###                          #####                ##            ############                     
            # ##  ####                       #   #                  ####             #########                      
            # #########                      #                      ######         ## #######                       
            ##  ######                       ##                    #######         ##   #####                       
          ###### #####                      #####                   ########      ###### ###                        
          ####### ##                       ######                  ########      ######   #                         
        ########  ##                      #######                   ####         #######                            
         #######                          ######                    #            #######                            
         #######                           #####                                 #####                              
          ###  #                              #                                   #                                 
<BLANKLINE>                                                                                                                    
<BLANKLINE>                                                                                                                    
<BLANKLINE>                                                                                                                    
</FILE>

>>> dish20.count()
13
>>> dish20.size()
45.53846153846154